// Jest Snapshot v1, https://goo.gl/fbAQLP

exports[`MongoConnection Will create a client object 1`] = `
Object {
  "close": [MockFunction],
  "db": [MockFunction],
  "findOne": [MockFunction],
}
`;

exports[`MongoConnection Will find one result 1`] = `
Object {
  "document": "found",
}
`;

exports[`MongoConnection Will return Mongo Connection options 1`] = `
Object {
  "numberOfRetries": 10,
  "useNewUrlParser": true,
  "useUnifiedTopology": true,
}
`;
