// Jest Snapshot v1, https://goo.gl/fbAQLP

exports[`MongoConnection Will find one result 1`] = `
Object {
  "about": "I like cars",
  "created": "2020-02-15T13:07:01.000Z",
  "email": "sally@holextra.com",
  "familyName": "Solomon",
  "givenName": "Sally",
  "id": 3,
  "password": "password",
  "token": "",
}
`;

exports[`MongoConnection Will return Mongo Connection options 1`] = `
Object {
  "connectTimeoutMS": 500,
  "numberOfRetries": 0,
  "useNewUrlParser": true,
  "useUnifiedTopology": true,
}
`;
